// Jest Snapshot v1, https://goo.gl/fbAQLP

exports[`<Main /> Should rendered correctly 1`] = `
<header
  className="App-header"
>
  <img
    alt="logo"
    className="App-logo"
    src=""
  />
</header>
`;
